activity-action other
assume-paste-time 1
base-index 0
bell-action any
default-command "exec byobu-shell"
default-shell /bin/bash
default-size 80x24
destroy-unattached off
detach-on-destroy on
display-panes-active-colour #000001
display-panes-colour #494900
display-panes-time 600
display-time 2000
history-limit 100000
key-table root
lock-after-time 0
lock-command "lock -np"
message-command-style fg=yellow,bg=black
message-style fg=white,bg=#494900
mouse off
prefix C-a
prefix2 F12
renumber-windows off
repeat-time 500
set-titles on
set-titles-string "#(whoami)@#H - byobu (#S)"
silence-action other
status on
status-bg #000001
status-fg #009292
status-format[0] "#[align=left range=left #{status-left-style}]#{T;=/#{status-left-length}:status-left}#[norange default]#[list=on align=#{status-justify}]#[list=left-marker]<#[list=right-marker]>#[list=on]#{W:#[range=window|#{window_index} #{window-status-style}#{?#{&&:#{window_last_flag},#{!=:#{window-status-last-style},default}}, #{window-status-last-style},}#{?#{&&:#{window_bell_flag},#{!=:#{window-status-bell-style},default}}, #{window-status-bell-style},#{?#{&&:#{||:#{window_activity_flag},#{window_silence_flag}},#{!=:#{window-status-activity-style},default}}, #{window-status-activity-style},}}]#{T:window-status-format}#[norange default]#{?window_end_flag,,#{window-status-separator}},#[range=window|#{window_index} list=focus #{?#{!=:#{window-status-current-style},default},#{window-status-current-style},#{window-status-style}}#{?#{&&:#{window_last_flag},#{!=:#{window-status-last-style},default}}, #{window-status-last-style},}#{?#{&&:#{window_bell_flag},#{!=:#{window-status-bell-style},default}}, #{window-status-bell-style},#{?#{&&:#{||:#{window_activity_flag},#{window_silence_flag}},#{!=:#{window-status-activity-style},default}}, #{window-status-activity-style},}}]#{T:window-status-current-format}#[norange list=on default]#{?window_end_flag,,#{window-status-separator}}}#[nolist align=right range=right #{status-right-style}]#{T;=/#{status-right-length}:status-right}#[norange default]"
status-format[1] "#[align=centre]#{P:#{?pane_active,#[reverse],}#{pane_index}[#{pane_width}x#{pane_height}]#[default] }"
status-interval 15
status-justify left
status-keys emacs
status-left "#(byobu-status tmux_left)"
status-left-length 256
status-left-style default
status-position bottom
status-right "\$BYOBU_DATE\$BYOBU_TIME #(byobu-status tmux_right)"
status-right-length 256
status-right-style default
status-style fg=#009292,bg=#000001
update-environment[0] DISPLAY
update-environment[1] KRB5CCNAME
update-environment[2] SSH_ASKPASS
update-environment[3] SSH_AUTH_SOCK
update-environment[4] SSH_AGENT_PID
update-environment[5] SSH_CONNECTION
update-environment[6] WINDOWID
update-environment[7] XAUTHORITY
visual-activity off
visual-bell off
visual-silence off
word-separators " "
after-bind-key
after-capture-pane
after-copy-mode
after-display-message
after-display-panes
after-kill-pane
after-list-buffers
after-list-clients
after-list-keys
after-list-panes
after-list-sessions
after-list-windows
after-load-buffer
after-lock-server
after-new-session
after-new-window
after-paste-buffer
after-pipe-pane
after-queue
after-refresh-client
after-rename-session
after-rename-window
after-resize-pane
after-resize-window
after-save-buffer
after-select-layout
after-select-pane
after-select-window
after-send-keys
after-set-buffer
after-set-environment
after-set-hook
after-set-option
after-show-environment
after-show-messages
after-show-options
after-split-window
after-unbind-key
alert-activity
alert-bell
alert-silence
client-attached
client-detached
client-resized
client-session-changed
pane-died
pane-exited
pane-focus-in
pane-focus-out
pane-mode-changed
pane-set-clipboard
session-closed
session-created
session-renamed
session-window-changed
window-layout-changed
window-linked
window-pane-changed
window-renamed
window-unlinked
byobu-5.133-0ubuntu1 Detailed Status Navigation
#[default]#[fg=black,bg=yellow#[default]#[fg=#db00db]#[bg=#000005]
	(apport)
	To file bugs on the existing crash reports, run:
	  apport-cli /var/crash/_usr_bin_gnome-shell.1000.crash
	  apport-cli /var/crash/_usr_bin_mocp.1000.crash
	  apport-cli /var/crash/_usr_bin_seahorse.1000.crash
	  apport-cli /var/crash/_usr_bin_tmuxp.1000.crash
	  apport-cli /var/crash/_usr_lib_byobu_include_config.py.1000.crash
	  apport-cli /var/crash/_usr_lib_x86_64-linux-gnu_libexec_kdeconnectd.1000.crash
	  apport-cli /var/crash/_usr_libexec_tracker-miner-fs.1000.crash
	  apport-cli /var/crash/_usr_libexec_tracker-store.1000.crash
	To clear the pending reports:
	  rm -f /var/crash/*.crash
x86_64
	(arch)
	Linux CtrlHub 5.4.0-65-generic #73-Ubuntu SMP Mon Jan 18 17:25:17 UTC 2021 x86_64 x86_64 x86_64 GNU/Linux
#[default]#[fg=white,bold,bg=brightred]0%#[default]#[fg=#db00db,bg=#000005]#[default]#[fg=white,bg=brightred]#[default]#[fg=#db00db]#[bg=#000005]
	(battery)

	(color)
2x
	(cpu_count)
	model name	: Intel(R) Core(TM)2 Duo CPU     T6600  @ 2.20GHz
	model name	: Intel(R) Core(TM)2 Duo CPU     T6600  @ 2.20GHz
#[default]#[fg=brightwhite,bold,bg=cyan]1.6#[default]#[fg=#db00db,bg=#000005]#[default]#[fg=brightwhite,bg=cyan]GHz#[default]#[fg=#db00db]#[bg=#000005]
	(cpu_freq)
	processor	: 0
	vendor_id	: GenuineIntel
	cpu family	: 6
	model		: 23
	model name	: Intel(R) Core(TM)2 Duo CPU     T6600  @ 2.20GHz
	stepping	: 10
	microcode	: 0xa0b
	cpu MHz		: 1577.484
	cache size	: 2048 KB
	physical id	: 0
	siblings	: 2
	core id		: 0
	cpu cores	: 2
	apicid		: 0
	initial apicid	: 0
	fpu		: yes
	fpu_exception	: yes
	cpuid level	: 13
	wp		: yes
	flags		: fpu vme de pse tsc msr pae mce cx8 apic sep mtrr pge mca cmov pat pse36 clflush dts acpi mmx fxsr sse sse2 ht tm pbe syscall nx lm constant_tsc arch_perfmon pebs bts rep_good nopl cpuid aperfmperf pni dtes64 monitor ds_cpl est tm2 ssse3 cx16 xtpr pdcm sse4_1 xsave lahf_lm pti dtherm
	bugs		: cpu_meltdown spectre_v1 spectre_v2 spec_store_bypass l1tf mds swapgs itlb_multihit
	bogomips	: 4389.08
	clflush size	: 64
	cache_alignment	: 64
	address sizes	: 36 bits physical, 48 bits virtual
	power management:
	processor	: 1
	vendor_id	: GenuineIntel
	cpu family	: 6
	model		: 23
	model name	: Intel(R) Core(TM)2 Duo CPU     T6600  @ 2.20GHz
	stepping	: 10
	microcode	: 0xa0b
	cpu MHz		: 1917.084
	cache size	: 2048 KB
	physical id	: 0
	siblings	: 2
	core id		: 1
	cpu cores	: 2
	apicid		: 1
	initial apicid	: 1
	fpu		: yes
	fpu_exception	: yes
	cpuid level	: 13
	wp		: yes
	flags		: fpu vme de pse tsc msr pae mce cx8 apic sep mtrr pge mca cmov pat pse36 clflush dts acpi mmx fxsr sse sse2 ht tm pbe syscall nx lm constant_tsc arch_perfmon pebs bts rep_good nopl cpuid aperfmperf pni dtes64 monitor ds_cpl est tm2 ssse3 cx16 xtpr pdcm sse4_1 xsave lahf_lm pti dtherm
	bugs		: cpu_meltdown spectre_v1 spectre_v2 spec_store_bypass l1tf mds swapgs itlb_multihit
	bogomips	: 4389.08
	clflush size	: 64
	cache_alignment	: 64
	address sizes	: 36 bits physical, 48 bits virtual
	power management:
#[default]#[fg=brightyellow,bold,bg=black]49#[default]#[fg=#db00db,bg=#000005]#[default]#[fg=brightyellow,bg=black]C#[default]#[fg=#db00db]#[bg=#000005]
	(cpu_temp)
	/sys/class/hwmon/hwmon1/temp1_input:
	/sys/class/hwmon/hwmon3/temp2_input:
	/sys/class/hwmon/hwmon3/temp3_input:
	/sys/class/hwmon/hwmon4/temp1_input:
	/sys/class/hwmon/hwmon4/temp2_input:
	/sys/class/hwmon/hwmon4/temp3_input:
	/sys/class/thermal/thermal_zone0/temp:

	(custom)

	(date)
	Sat 20 Feb 2021 23:10:46 SAST
#[default]#[fg=brightwhite,bold,bg=magenta]293#[default]#[fg=#db00db,bg=#000005]#[default]#[fg=brightwhite,bg=magenta]G#[default]#[fg=#db00db,bg=#000005]#[default]#[fg=brightwhite,bold,bg=magenta]45#[default]#[fg=#db00db,bg=#000005]#[default]#[fg=brightwhite,bg=magenta]%#[default]#[fg=#db00db]#[bg=#000005]
	(disk)
	Filesystem      Size  Used Avail Use% Mounted on
	udev            1.9G     0  1.9G   0% /dev
	tmpfs           390M  3.3M  387M   1% /run
	/dev/sda1       293G  125G  154G  45% /
	tmpfs           2.0G   56K  2.0G   1% /dev/shm
	tmpfs           5.0M  4.0K  5.0M   1% /run/lock
	tmpfs           2.0G     0  2.0G   0% /sys/fs/cgroup
	/dev/loop0       98M   98M     0 100% /snap/core/10583
	/dev/loop7      218M  218M     0 100% /snap/gnome-3-34-1804/60
	/dev/loop2       99M   99M     0 100% /snap/core/10823
	/dev/loop5      163M  163M     0 100% /snap/gnome-3-28-1804/145
	/dev/loop8      256K  256K     0 100% /snap/gtk2-common-themes/13
	/dev/loop4      162M  162M     0 100% /snap/gnome-3-28-1804/128
	/dev/loop1      9.2M  9.2M     0 100% /snap/canonical-livepatch/95
	/dev/loop3       56M   56M     0 100% /snap/core18/1944
	/dev/loop11      52M   52M     0 100% /snap/snap-store/498
	/dev/loop6       56M   56M     0 100% /snap/core18/1988
	/dev/loop10      65M   65M     0 100% /snap/gtk-common-themes/1513
	/dev/loop12      65M   65M     0 100% /snap/gtk-common-themes/1514
	/dev/loop9      219M  219M     0 100% /snap/gnome-3-34-1804/66
	/dev/loop13      52M   52M     0 100% /snap/snap-store/518
	tmpfs           390M   40K  390M   1% /run/user/1000
#[default]#[fg=brightwhite,bold,bg=brightmagenta]◂17#[default]#[fg=#db00db,bg=#000005]#[default]#[fg=brightwhite,bg=brightmagenta]MB/s#[default]#[fg=#db00db]#[bg=#000005] #[default]#[fg=brightwhite,bold,bg=brightmagenta]▸13#[default]#[fg=#db00db,bg=#000005]#[default]#[fg=brightwhite,bg=brightmagenta]MB/s#[default]#[fg=#db00db]#[bg=#000005]
	(disk_io)
	Linux 5.4.0-65-generic (CtrlHub) 	20/02/2021 	_x86_64_	(2 CPU)
	      tps    MB_read/s    MB_wrtn/s    MB_dscd/s    MB_read    MB_wrtn    MB_dscd Device
	     0.00         0.0k         0.0k         0.0k       1.0M       0.0k       0.0k loop0
	     0.15         0.2k         0.0k         0.0k       4.8M       0.0k       0.0k loop1
	     0.00         0.0k         0.0k         0.0k       1.0M       0.0k       0.0k loop10
	     0.00         0.0k         0.0k         0.0k     342.0k       0.0k       0.0k loop11
	     0.03         0.1k         0.0k         0.0k       1.9M       0.0k       0.0k loop12
	     0.27         0.3k         0.0k         0.0k       8.6M       0.0k       0.0k loop13
	     0.00         0.0k         0.0k         0.0k       8.0k       0.0k       0.0k loop14
	     0.07         0.1k         0.0k         0.0k       3.0M       0.0k       0.0k loop2
	     0.00         0.0k         0.0k         0.0k     340.0k       0.0k       0.0k loop3
	     0.00         0.0k         0.0k         0.0k       1.0M       0.0k       0.0k loop4
	     0.00         0.0k         0.0k         0.0k       1.0M       0.0k       0.0k loop5
	     0.12         0.1k         0.0k         0.0k       3.9M       0.0k       0.0k loop6
	     0.00         0.0k         0.0k         0.0k       1.0M       0.0k       0.0k loop7
	     0.00         0.0k         0.0k         0.0k      42.0k       0.0k       0.0k loop8
	     0.15         0.2k         0.0k         0.0k       5.6M       0.0k       0.0k loop9
	     8.13        63.8k        48.6k         0.0k       1.9G       1.5G       0.0k sda
#[default]#[fg=bold]Ubuntu#[default]#[fg=#db00db]#[bg=#000005]
	(distro)
	Distributor ID:	Ubuntu
	Description:	Ubuntu 20.04.2 LTS
	Release:	20.04
	Codename:	focal
#[default]#[fg=brightyellow,bg=brightblack]e3653#[default]#[fg=#db00db]#[bg=#000005]
	(entropy)
	3653
#[default]#[fg=bold]3000#[default]#[fg=#db00db,bg=#000005]#[default]#[fg=#db00db,bg=#000005]rpm#[default]#[fg=#db00db]#[bg=#000005]
	(fan_speed)
#[default]#[fg=bold]CtrlHub#[default]#[fg=#db00db]#[bg=#000005]
	(hostname)
	CtrlHub
#[default]#[fg=black,bold,bg=white]192.168.1.59#[default]#[fg=#db00db]#[bg=#000005]
	(ip_address)
	1: lo: <LOOPBACK,UP,LOWER_UP> mtu 65536 qdisc noqueue state UNKNOWN group default qlen 1000
	    inet 127.0.0.1/8 scope host lo
	       valid_lft forever preferred_lft forever
	3: wlp12s0: <BROADCAST,MULTICAST,UP,LOWER_UP> mtu 1500 qdisc fq_codel state UP group default qlen 1000
	    inet 192.168.1.59/24 brd 192.168.1.255 scope global dynamic noprefixroute wlp12s0
	       valid_lft 83839sec preferred_lft 83839sec
	1: lo: <LOOPBACK,UP,LOWER_UP> mtu 65536 state UNKNOWN qlen 1000
	    inet6 ::1/128 scope host 
	       valid_lft forever preferred_lft forever
	3: wlp12s0: <BROADCAST,MULTICAST,UP,LOWER_UP> mtu 1500 state UP qlen 1000
	    inet6 fe80::b28e:8522:3761:eb43/64 scope link noprefixroute 
	       valid_lft forever preferred_lft forever
#[default]#[fg=black,bg=brightyellow]0.03#[default]#[fg=#db00db]#[bg=#000005]
	(load_average)
	0.03 0.15 0.23 2/575 55305
#[default]#[fg=colour255,bg=colour202] u #[default]#[fg=#db00db,bg=#000005]
	(logo)
	 u  

	(mail)
#[default]#[fg=brightwhite,bold,bg=green]3.8#[default]#[fg=#db00db,bg=#000005]#[default]#[fg=brightwhite,bg=green]G#[default]#[fg=#db00db,bg=#000005]#[default]#[fg=brightwhite,bold,bg=green]37#[default]#[fg=#db00db,bg=#000005]#[default]#[fg=brightwhite,bg=green]%#[default]#[fg=#db00db]#[bg=#000005]
	(memory)
	              total        used        free      shared  buff/cache   available
	Mem:        3990524     1388572      171744       97896     2430208     2257744
	Swap:      10097144         268    10096876
#[default]#[fg=white,bold,bg=magenta]▴124#[default]#[fg=#db00db,bg=#000005]#[default]#[fg=white,bg=magenta]kb#[default]#[fg=#db00db]#[bg=#000005] #[default]#[fg=white,bold,bg=magenta]▾58#[default]#[fg=#db00db,bg=#000005]#[default]#[fg=white,bg=magenta]kb#[default]#[fg=#db00db]#[bg=#000005]
	(network)
	3: wlp12s0: <BROADCAST,MULTICAST,UP,LOWER_UP> mtu 1500 qdisc fq_codel state UP group default qlen 1000
	    link/ether 70:1a:04:87:03:52 brd ff:ff:ff:ff:ff:ff
	    inet 192.168.1.59/24 brd 192.168.1.255 scope global dynamic noprefixroute wlp12s0
	       valid_lft 83839sec preferred_lft 83839sec
	    inet6 fe80::b28e:8522:3761:eb43/64 scope link noprefixroute
	       valid_lft forever preferred_lft forever
#[default]#[fg=white,bold,bg=yellow]245#[default]#[fg=#db00db,bg=#000005]#[default]#[fg=white,bg=yellow]&#[default]#[fg=#db00db]#[bg=#000005]
	(processes)
	    PID    PGID     SID TTY          TIME CMD
	      1       1       1 ?        00:00:06 systemd
	      2       0       0 ?        00:00:00 kthreadd
	      3       0       0 ?        00:00:00 rcu_gp
	      4       0       0 ?        00:00:00 rcu_par_gp
	      6       0       0 ?        00:00:00 kworker/0:0H-kblockd
	      8       0       0 ?        00:00:00 mm_percpu_wq
	      9       0       0 ?        00:00:01 ksoftirqd/0
	     10       0       0 ?        00:00:07 rcu_sched
	     11       0       0 ?        00:00:00 migration/0
	     12       0       0 ?        00:00:00 idle_inject/0
	     14       0       0 ?        00:00:00 cpuhp/0
	     15       0       0 ?        00:00:00 cpuhp/1
	     16       0       0 ?        00:00:00 idle_inject/1
	     17       0       0 ?        00:00:00 migration/1
	     18       0       0 ?        00:00:01 ksoftirqd/1
	     20       0       0 ?        00:00:00 kworker/1:0H-kblockd
	     21       0       0 ?        00:00:00 kdevtmpfs
	     22       0       0 ?        00:00:00 netns
	     23       0       0 ?        00:00:00 rcu_tasks_kthre
	     24       0       0 ?        00:00:00 kauditd
	     25       0       0 ?        00:00:00 khungtaskd
	     26       0       0 ?        00:00:00 oom_reaper
	     27       0       0 ?        00:00:00 writeback
	     28       0       0 ?        00:00:00 kcompactd0
	     29       0       0 ?        00:00:00 ksmd
	     30       0       0 ?        00:00:00 khugepaged
	     76       0       0 ?        00:00:00 kintegrityd
	     77       0       0 ?        00:00:00 kblockd
	     78       0       0 ?        00:00:00 blkcg_punt_bio
	     80       0       0 ?        00:00:00 tpm_dev_wq
	     81       0       0 ?        00:00:00 ata_sff
	     82       0       0 ?        00:00:00 md
	     83       0       0 ?        00:00:00 edac-poller
	     84       0       0 ?        00:00:00 devfreq_wq
	     85       0       0 ?        00:00:00 watchdogd
	     87       0       0 ?        00:00:00 kswapd0
	     88       0       0 ?        00:00:00 ecryptfs-kthrea
	     90       0       0 ?        00:00:00 kthrotld
	     92       0       0 ?        00:00:00 acpi_thermal_pm
	     93       0       0 ?        00:00:00 vfio-irqfd-clea
	     94       0       0 ?        00:00:00 ipv6_addrconf
	    104       0       0 ?        00:00:00 kstrp
	    107       0       0 ?        00:00:00 kworker/u5:0-hci0
	    120       0       0 ?        00:00:00 charger_manager
	    169       0       0 ?        00:00:00 scsi_eh_0
	    170       0       0 ?        00:00:00 scsi_tmf_0
	    172       0       0 ?        00:00:00 scsi_eh_1
	    173       0       0 ?        00:00:00 scsi_tmf_1
	    177       0       0 ?        00:00:00 scsi_eh_2
	    178       0       0 ?        00:00:00 scsi_tmf_2
	    180       0       0 ?        00:00:00 scsi_eh_3
	    181       0       0 ?        00:00:00 scsi_tmf_3
	    182       0       0 ?        00:00:00 scsi_eh_4
	    183       0       0 ?        00:00:00 scsi_tmf_4
	    185       0       0 ?        00:00:00 scsi_eh_5
	    186       0       0 ?        00:00:00 scsi_tmf_5
	    193       0       0 ?        00:00:01 kworker/1:1H-events_highpri
	    194       0       0 ?        00:00:01 kworker/0:1H-events_highpri
	    200       0       0 ?        00:00:00 uas
	    201       0       0 ?        00:00:00 scsi_eh_6
	    202       0       0 ?        00:00:00 scsi_tmf_6
	    203       0       0 ?        00:00:03 usb-storage
	    222       0       0 ?        00:00:01 jbd2/sda1-8
	    223       0       0 ?        00:00:00 ext4-rsv-conver
	    266     266     266 ?        00:00:19 systemd-journal
	    302       0       0 ?        00:00:00 loop0
	    303       0       0 ?        00:00:00 loop1
	    305       0       0 ?        00:00:00 loop2
	    308       0       0 ?        00:00:00 loop3
	    312       0       0 ?        00:00:00 loop4
	    313       0       0 ?        00:00:00 loop5
	    319       0       0 ?        00:00:00 loop6
	    320       0       0 ?        00:00:00 loop7
	    321       0       0 ?        00:00:00 loop8
	    322       0       0 ?        00:00:00 loop9
	    323       0       0 ?        00:00:00 loop10
	    324       0       0 ?        00:00:00 loop11
	    326     326     326 ?        00:00:06 systemd-udevd
	    327       0       0 ?        00:00:00 loop12
	    328       0       0 ?        00:00:00 loop13
	    417       0       0 ?        00:00:00 cfg80211
	    449       0       0 ?        00:00:04 wl_event_handle
	    579       0       0 ?        00:00:00 kworker/u5:2-hci0
	    672     672     672 ?        00:00:01 systemd-resolve
	    673     673     673 ?        00:00:00 systemd-timesyn
	    677     677     677 ?        00:00:01 accounts-daemon
	    678     678     678 ?        00:00:01 acpid
	    683     683     683 ?        00:00:00 avahi-daemon
	    684     684     684 ?        00:00:00 bluetoothd
	    685     685     685 ?        00:00:00 cron
	    686     686     686 ?        00:00:00 cupsd
	    687     687     687 ?        00:00:10 dbus-daemon
	    688     688     688 ?        00:00:11 NetworkManager
	    695     695     695 ?        00:00:02 irqbalance
	    699     699     699 ?        00:00:00 networkd-dispat
	    705     705     705 ?        00:00:00 osspd
	    706     706     706 ?        00:00:02 polkitd
	    708     708     708 ?        00:00:02 rsyslogd
	    726     726     726 ?        00:00:04 snapd
	    727     727     727 ?        00:00:00 switcheroo-cont
	    729     729     729 ?        00:00:01 systemd-logind
	    731     731     731 ?        00:00:07 udisksd
	    732     732     732 ?        00:00:09 wpa_supplicant
	    733     733     733 ?        00:00:00 atd
	    770     683     683 ?        00:00:00 avahi-daemon
	    821     821     821 ?        00:00:00 cups-browsed
	    823     823     823 ?        00:00:03 glances
	    825     825     825 ?        00:00:01 canonical-livep
	    828     828     828 ?        00:00:00 unattended-upgr
	    835     835     835 ?        00:00:00 ModemManager
	    849     849     849 ?        00:00:00 gdm3
	    877     877     877 ?        00:00:00 sshd
	    977     977     977 ?        00:00:02 nmbd
	    979     979     979 ?        00:00:00 whoopsie
	    992     992     992 ?        00:00:02 kerneloops
	    995     995     995 ?        00:00:02 kerneloops
	   1012    1012    1012 ?        00:00:00 rtkit-daemon
	   1071       0       0 ?        00:00:00 krfcommd
	   1229    1229    1229 ?        00:00:04 upowerd
	   1520    1520    1520 ?        00:00:00 colord
	   1540     849     849 ?        00:00:00 gdm-session-wor
	   1585    1585    1585 ?        00:00:00 systemd
	   1586    1585    1585 ?        00:00:00 (sd-pam)
	   1594    1594    1594 ?        00:01:11 pulseaudio
	   1596    1596    1596 ?        00:00:00 tracker-miner-f
	   1599    1598    1598 ?        00:00:00 gnome-keyring-d
	   1603    1603    1603 ?        00:00:00 dbus-daemon
	   1619    1619    1619 ?        00:00:00 gvfsd
	   1624    1619    1619 ?        00:00:00 gvfsd-fuse
	   1631    1631    1631 ?        00:00:01 gvfs-udisks2-vo
	   1636    1636    1636 ?        00:00:00 gvfs-mtp-volume
	   1641    1641    1641 ?        00:00:00 gvfs-gphoto2-vo
	   1645    1645    1645 ?        00:00:00 gvfs-goa-volume
	   1649    1603    1603 ?        00:00:00 goa-daemon
	   1658    1603    1603 ?        00:00:00 goa-identity-se
	   1660    1660    1660 ?        00:00:01 gvfs-afc-volume
	   1681    1603    1603 ?        00:00:00 gnome-keyring-d
	   1687    1687    1687 tty2     00:00:00 gdm-x-session
	   1689    1687    1687 tty2     00:02:07 Xorg
	   1708    1687    1687 tty2     00:00:00 gnome-session-b
	   1788    1687    1687 tty2     00:00:12 unclutter
	   1794    1794    1794 ?        00:00:00 ssh-agent
	   1815    1815    1815 ?        00:00:00 at-spi-bus-laun
	   1820    1815    1815 ?        00:00:00 dbus-daemon
	   1830    1830    1830 ?        00:00:00 gnome-session-c
	   1835    1835    1835 ?        00:00:00 gnome-session-b
	   1850    1850    1850 ?        00:02:33 gnome-shell
	   1872    1872    1850 ?        00:00:00 ibus-daemon
	   1876    1872    1850 ?        00:00:00 ibus-memconf
	   1877    1872    1850 ?        00:00:02 ibus-extension-
	   1881    1872    1850 ?        00:00:00 ibus-x11
	   1884    1603    1603 ?        00:00:00 ibus-portal
	   1894    1815    1815 ?        00:00:00 at-spi2-registr
	   1898    1898    1898 ?        00:00:00 xdg-permission-
	   1903    1603    1603 ?        00:00:00 gnome-shell-cal
	   1911    1911    1911 ?        00:00:00 evolution-sourc
	   1916    1603    1603 ?        00:00:00 dconf-service
	   1926    1926    1926 ?        00:00:00 evolution-calen
	   1949    1949    1949 ?        00:00:00 gvfsd-metadata
	   1960    1960    1960 ?        00:00:00 evolution-addre
	   1975    1603    1603 ?        00:00:00 gjs
	   1981    1981    1981 ?        00:00:00 gsd-a11y-settin
	   1982    1982    1982 ?        00:00:00 gsd-color
	   1985    1985    1985 ?        00:00:00 gsd-datetime
	   1986    1986    1986 ?        00:00:00 gsd-housekeepin
	   1992    1992    1992 ?        00:00:00 gsd-keyboard
	   1993    1993    1993 ?        00:00:00 gsd-media-keys
	   1994    1994    1994 ?        00:00:00 gsd-power
	   1995    1995    1995 ?        00:00:00 gsd-print-notif
	   1999    1999    1999 ?        00:00:00 gsd-rfkill
	   2002    2002    2002 ?        00:00:00 gsd-screensaver
	   2005    2005    2005 ?        00:00:01 gsd-sharing
	   2009    2009    2009 ?        00:00:00 gsd-smartcard
	   2013    2013    2013 ?        00:00:00 gsd-sound
	   2017    1835    1835 ?        00:00:00 gsd-disk-utilit
	   2020    2020    2020 ?        00:00:00 gsd-usb-protect
	   2025    2025    2025 ?        00:00:00 gsd-wacom
	   2026    1835    1835 ?        00:00:03 kdeconnectd
	   2030    2030    2030 ?        00:00:00 gsd-wwan
	   2031    2031    2031 ?        00:00:00 gsd-xsettings
	   2056    1835    1835 ?        00:00:00 evolution-alarm
	   2064    1619    1619 ?        00:00:00 gvfsd-trash
	   2066    1835    1835 ?        00:00:00 indicator-messa
	   2094    1995    1995 ?        00:00:00 gsd-printer
	   2124    1835    1835 ?        00:00:12 snap-store
	   2146    2146    2146 ?        00:00:00 glib-pacrunner
	   2147    2147    2147 ?        00:00:52 gnome-terminal-
	   2148    2148    2148 ?        00:00:00 xdg-document-po
	   2191    1603    1603 ?        00:00:07 gjs
	   2192    1872    1850 ?        00:00:00 ibus-engine-sim
	   2366    2366    2366 ?        00:00:00 smbd
	   2386    2386    2386 pts/0    00:00:00 bash
	   2412    2366    2366 ?        00:00:00 smbd-notifyd
	   2413    2366    2366 ?        00:00:00 cleanupd
	   2431    2366    2366 ?        00:00:00 lpqd
	   2477    2386    2386 pts/0    00:00:00 tmux: client
	   2513    2513    2513 ?        00:00:25 tmux: server
	   2520    2520    2520 pts/2    00:00:00 bash
	   3477    3477    3477 pts/3    00:00:00 bash
	   3510    3510    3510 pts/1    00:00:00 bash
	   3532    3532    3532 pts/4    00:00:00 bash
	   3548    3548    3548 pts/5    00:00:00 bash
	   3581    3581    3477 pts/3    00:00:19 ranger
	   3584    3584    3510 pts/1    00:00:05 ipython
	   3586    3586    3548 pts/5    00:00:00 watch
	   3691    1835    1835 ?        00:00:01 update-notifier
	   6037    6037    6037 ?        00:01:19 mocp
	   9631     849     849 ?        00:00:00 gdm-session-wor
	  10065     849     849 ?        00:00:00 gdm-session-wor
	  10642     849     849 ?        00:00:00 gdm-session-wor
	  11123     849     849 ?        00:00:00 gdm-session-wor
	  12004     849     849 ?        00:00:00 gdm-session-wor
	  12553     849     849 ?        00:00:00 gdm-session-wor
	  41013     849     849 ?        00:00:00 gdm-session-wor
	  41475     849     849 ?        00:00:00 gdm-session-wor
	  44940   44940   44940 ?        00:00:00 vino-server
	  45031       0       0 ?        00:00:01 kworker/u4:3-events_unbound
	  45045       0       0 ?        00:00:02 kworker/1:3-events
	  45151    1603    1603 ?        00:00:00 seahorse
	  45204    1850    1850 ?        00:03:06 vlc
	  45342    1619    1619 ?        00:00:00 gvfsd-network
	  45364    1619    1619 ?        00:00:00 gvfsd-dnssd
	  51560       0       0 ?        00:00:00 kworker/0:0-events
	  51814       0       0 ?        00:00:00 kworker/u4:1-events_unbound
	  51874   51873   51873 ?        00:00:00 xsel
	  52913   52913    3532 pts/4    00:00:00 most
	  53004   53004   53004 ?        00:00:00 fwupd
	  53005       0       0 ?        00:00:00 kworker/0:1-mm_percpu_wq
	  53020   52913    3532 pts/4    00:00:00 sh
	  53021   52913    3532 pts/4    00:00:00 nano
	  53185       0       0 ?        00:00:00 kworker/u4:4-events_freezable_power_
	  53306       0       0 ?        00:00:00 kworker/1:1-events
	  54194       0       0 ?        00:00:00 kworker/0:2-events
	  54328       0       0 ?        00:00:00 kworker/1:0-events
	  55146   55146    3532 pts/4    00:00:00 byobu-status-de
	  55147   55146    3532 pts/4    00:00:00 tee
	  55151   55146    3532 pts/4    00:00:00 byobu-status
	  55152   55146    3532 pts/4    00:00:00 sensible-pager
	  55157   55146    3532 pts/4    00:00:00 most
	  55348   55146    3532 pts/4    00:00:00 byobu-status
	  55349   55146    3532 pts/4    00:00:00 byobu-status
	  55350   55146    3532 pts/4    00:00:00 sed
	  55351   55146    3532 pts/4    00:00:00 ps

	(raid)
	Personalities : 
	unused devices: <none>

	(reboot_required)
#[default]#[fg=bold]20.04#[default]#[fg=#db00db]#[bg=#000005]
	(release)
	Distributor ID:	Ubuntu
	Description:	Ubuntu 20.04.2 LTS
	Release:	20.04
	Codename:	focal

	(services)
#[default]#[fg=black,underscore,bg=brightwhite]〣#S#[default]#[fg=#db00db]#[bg=#000005]
	(session)
	1: 1 windows (created Sat Feb 20 14:25:47 2021)
	origins: 1 windows (created Sat Feb 20 14:26:12 2021) (attached)
#[default]#[fg=black,bold,bg=brightgreen]s9.6#[default]#[fg=#db00db,bg=#000005]#[default]#[fg=black,bg=brightgreen]G#[default]#[fg=#db00db,bg=#000005]#[default]#[fg=black,bold,bg=brightgreen]0#[default]#[fg=#db00db,bg=#000005]#[default]#[fg=black,bg=brightgreen]%#[default]#[fg=#db00db]#[bg=#000005]
	(swap)
	MemTotal:        3990524 kB
	MemFree:          171532 kB
	MemAvailable:    2257532 kB
	Buffers:          158732 kB
	Cached:          2175472 kB
	SwapCached:            4 kB
	Active:          1917112 kB
	Inactive:        1565580 kB
	Active(anon):    1185668 kB
	Inactive(anon):    56132 kB
	Active(file):     731444 kB
	Inactive(file):  1509448 kB
	Unevictable:       85200 kB
	Mlocked:              64 kB
	SwapTotal:      10097144 kB
	SwapFree:       10096876 kB
	Dirty:                 0 kB
	Writeback:             0 kB
	AnonPages:       1233804 kB
	Mapped:           428920 kB
	Shmem:             97896 kB
	KReclaimable:      96004 kB
	Slab:             186100 kB
	SReclaimable:      96004 kB
	SUnreclaim:        90096 kB
	KernelStack:        9192 kB
	PageTables:        17416 kB
	NFS_Unstable:          0 kB
	Bounce:                0 kB
	WritebackTmp:          0 kB
	CommitLimit:    12092404 kB
	Committed_AS:    4801360 kB
	VmallocTotal:   34359738367 kB
	VmallocUsed:       28952 kB
	VmallocChunk:          0 kB
	Percpu:             1584 kB
	HardwareCorrupted:     0 kB
	AnonHugePages:         0 kB
	ShmemHugePages:        0 kB
	ShmemPmdMapped:        0 kB
	FileHugePages:         0 kB
	FilePmdMapped:         0 kB
	CmaTotal:              0 kB
	CmaFree:               0 kB
	HugePages_Total:       0
	HugePages_Free:        0
	HugePages_Rsvd:        0
	HugePages_Surp:        0
	Hugepagesize:       2048 kB
	Hugetlb:               0 kB
	DirectMap4k:      234236 kB
	DirectMap2M:     3919872 kB

	(time)
	Sat 20 Feb 2021 23:10:47 SAST
#[default]#[reverse]21:10UTC#[default]#[fg=#db00db]#[bg=#000005]
	(time_utc)
	Sat 20 Feb 2021 21:10:47 UTC
♸[6]
	(trash)
	/home/altvu/.local/share/Trash/files
	/home/altvu/.local/share/Trash/files/.cache
	/home/altvu/.local/share/Trash/files/.cache/mesa_shader_cache
	/home/altvu/.local/share/Trash/files/.cache/mesa_shader_cache/e9
	/home/altvu/.local/share/Trash/files/.cache/mesa_shader_cache/e9/25065cd0160f1f7929510ea26df691040b0db7
	/home/altvu/.local/share/Trash/files/.cache/mesa_shader_cache/68
	/home/altvu/.local/share/Trash/files/.cache/mesa_shader_cache/68/ffd6a88318be6ec19360b2034f7cfbed4135bb
	/home/altvu/.local/share/Trash/files/.cache/mesa_shader_cache/6d
	/home/altvu/.local/share/Trash/files/.cache/mesa_shader_cache/6d/1ff48225b0972eeb729b28d706346e88878b3c
	/home/altvu/.local/share/Trash/files/.cache/mesa_shader_cache/1d
	/home/altvu/.local/share/Trash/files/.cache/mesa_shader_cache/1d/755a78224242538981db942ea6f994287199ac
	/home/altvu/.local/share/Trash/files/.cache/mesa_shader_cache/5a
	/home/altvu/.local/share/Trash/files/.cache/mesa_shader_cache/5a/2802ace96a631a912425810e0f37de9a56849d
	/home/altvu/.local/share/Trash/files/.cache/mesa_shader_cache/cb
	/home/altvu/.local/share/Trash/files/.cache/mesa_shader_cache/cb/41b10cd22aabafab48f15cad140463cfe1dd86
	/home/altvu/.local/share/Trash/files/.cache/mesa_shader_cache/index
	/home/altvu/.local/share/Trash/files/.cache/mesa_shader_cache/19
	/home/altvu/.local/share/Trash/files/.cache/mesa_shader_cache/19/58b6fcb1afd04247fd516f83df4f8fe85f73ae
	/home/altvu/.local/share/Trash/files/.cache/mesa_shader_cache/1f
	/home/altvu/.local/share/Trash/files/.cache/mesa_shader_cache/1f/559c6f5d711b2025f62cd377f5f1c035378939
	/home/altvu/.local/share/Trash/files/.cache/mesa_shader_cache/1c
	/home/altvu/.local/share/Trash/files/.cache/mesa_shader_cache/1c/7af73e550ac83a1bf38cb227d726719a8d7fcf
	/home/altvu/.local/share/Trash/files/.cache/mesa_shader_cache/ae
	/home/altvu/.local/share/Trash/files/.cache/mesa_shader_cache/ae/fc282ca6c610ad16624a1e2dc27c1024187868
	/home/altvu/.local/share/Trash/files/.cache/mesa_shader_cache/de
	/home/altvu/.local/share/Trash/files/.cache/mesa_shader_cache/de/a55e84251fe6cddebe040a820a14d6580f2079
	/home/altvu/.local/share/Trash/files/.cache/xsel.log
	/home/altvu/.local/share/Trash/files/.cache/fontconfig
	/home/altvu/.local/share/Trash/files/.cache/fontconfig/CACHEDIR.TAG
	/home/altvu/.local/share/Trash/files/.cache/fontconfig/648ff9b8-987b-4dad-ab3a-07421040df71-le64.cache-7
	/home/altvu/.local/share/Trash/files/.cache/fontconfig/33362563-3f19-41b1-bc50-c2f24ba3b1c0-le64.cache-7
	/home/altvu/.local/share/Trash/files/.cache/fontconfig/e985522a-4383-4cee-a32b-2a17e7c1a324-le64.cache-7
	/home/altvu/.local/share/Trash/files/.cache/fontconfig/0a454edc-6f47-4f43-839b-46e9267d85e0-le64.cache-7
	/home/altvu/.local/share/Trash/files/.cache/fontconfig/4c25e82d-79bc-42af-a1e1-409555f90344-le64.cache-7
	/home/altvu/.local/share/Trash/files/.cache/fontconfig/85ba4d2c-a187-4d5b-ba4a-5caf24498111-le64.cache-7
	/home/altvu/.local/share/Trash/files/.cache/fontconfig/72848106-fd6b-4a2e-96d9-5940570a289f-le64.cache-7
	/home/altvu/.local/share/Trash/files/.cache/fontconfig/8255f6a8-f808-477a-946a-2841e80811b0-le64.cache-7
	/home/altvu/.local/share/Trash/files/.cache/fontconfig/7b8397cb-9f47-49cc-8c8b-1ce5a3baf2ea-le64.cache-7
	/home/altvu/.local/share/Trash/files/.cache/fontconfig/235aa0f7-738f-4699-82d7-6f2cd86a0a16-le64.cache-7
	/home/altvu/.local/share/Trash/files/.cache/tracker
	/home/altvu/.local/share/Trash/files/.cache/tracker/last-crawl.txt
	/home/altvu/.local/share/Trash/files/.cache/tracker/ontologies.gvdb
	/home/altvu/.local/share/Trash/files/.cache/tracker/db-version.txt
	/home/altvu/.local/share/Trash/files/.cache/tracker/db-locale.txt
	/home/altvu/.local/share/Trash/files/.cache/tracker/parser-version.txt
	/home/altvu/.local/share/Trash/files/.cache/tracker/meta.db

	(updates_available)
#[default]#[fg=blue,bg=white]8h47m#[default]#[fg=#db00db]#[bg=#000005]
	(uptime)
	 23:10:48 up  8:47,  1 user,  load average: 0.03, 0.15, 0.23

	(users)
#[default]#[fg=bold]altvu@#[default]#[fg=#db00db,bg=#000005]
	(whoami)
	altvu:x:1000:1000:VuyoN,,,:/home/altvu:/bin/bash

	(wifi_quality)
	Interface wlp12s0
		ifindex 3
		wdev 0x1
		addr 70:1a:04:87:03:52
		ssid WR7010-2.4G-46D
		type managed
		wiphy 0
	Connected to 74:19:f8:ea:44:6d (on wlp12s0)
		SSID: WR7010-2.4G-46D
		freq: 2442
